current directory: /Users/jurgenleka/Public/WorkRepos/personal-work/my-signer-cli/vendor/bundle/ruby/3.4.0/gems/json-2.15.0/ext/json/ext/parser
/Users/jurgenleka/.rbenv/versions/3.4.5/bin/ruby extconf.rb
checking for rb_enc_interned_str() in ruby/encoding.h... yes
checking for rb_hash_new_capa() in ruby.h... yes
checking for rb_hash_bulk_insert() in ruby.h... yes
checking for strnlen() in string.h... yes
checking for whether -std=c99 is accepted as CFLAGS... yes
checking for arm_neon.h... yes
checking for cpuid.h... no
creating Makefile

current directory: /Users/jurgenleka/Public/WorkRepos/personal-work/my-signer-cli/vendor/bundle/ruby/3.4.0/gems/json-2.15.0/ext/json/ext/parser
make DESTDIR\= sitearchdir\=./.gem.20251001-68933-zcvj0h sitelibdir\=./.gem.20251001-68933-zcvj0h clean

current directory: /Users/jurgenleka/Public/WorkRepos/personal-work/my-signer-cli/vendor/bundle/ruby/3.4.0/gems/json-2.15.0/ext/json/ext/parser
make DESTDIR\= sitearchdir\=./.gem.20251001-68933-zcvj0h sitelibdir\=./.gem.20251001-68933-zcvj0h
compiling parser.c
linking shared-object json/ext/parser.bundle

current directory: /Users/jurgenleka/Public/WorkRepos/personal-work/my-signer-cli/vendor/bundle/ruby/3.4.0/gems/json-2.15.0/ext/json/ext/parser
make DESTDIR\= sitearchdir\=./.gem.20251001-68933-zcvj0h sitelibdir\=./.gem.20251001-68933-zcvj0h install
/usr/bin/install -c -m 0755 parser.bundle ./.gem.20251001-68933-zcvj0h/json/ext

current directory: /Users/jurgenleka/Public/WorkRepos/personal-work/my-signer-cli/vendor/bundle/ruby/3.4.0/gems/json-2.15.0/ext/json/ext/parser
make DESTDIR\= sitearchdir\=./.gem.20251001-68933-zcvj0h sitelibdir\=./.gem.20251001-68933-zcvj0h clean
